Launching lib\main.dart on Windows in debug mode...
flutter : Error: 
Unable to find 
suitable Visual Studio 
toolchain. Please run 
`flutter doctor` for 
more details.
At line:1 char:1
+ flutter run -d 
windows > 
build_output.txt 2>&1
+ ~~~~~~~~~~~~~~~~~~~~~
~~~~~~~~~~~~~~~~~~~~~~~
~~
    + CategoryInfo     
         : NotSpecifi  
  ed: (Error: Unable   
  t...r more detail    
s.:String) [], Rem    
oteException
    + FullyQualifiedEr 
   rorId : NativeComm  
  andError
 
